MemTotal:        3812372 kB
MemFree:         2881360 kB
MemAvailable:    3531992 kB
Buffers:          116344 kB
Cached:           552056 kB
SwapCached:            0 kB
Active:           383280 kB
Inactive:         359048 kB
Active(anon):      75020 kB
Inactive(anon):    15316 kB
Active(file):     308260 kB
Inactive(file):   343732 kB
Unevictable:          12 kB
Mlocked:              12 kB
SwapTotal:             0 kB
SwapFree:              0 kB
Dirty:                68 kB
Writeback:             0 kB
AnonPages:         73864 kB
Mapped:            90804 kB
Shmem:             18576 kB
Slab:             121848 kB
SReclaimable:      75084 kB
SUnreclaim:        46764 kB
KernelStack:        2768 kB
PageTables:         2444 kB
NFS_Unstable:          0 kB
Bounce:                0 kB
WritebackTmp:          0 kB
CommitLimit:     1906184 kB
Committed_AS:     647828 kB
VmallocTotal:   263061440 kB
VmallocUsed:           0 kB
VmallocChunk:          0 kB
Percpu:             1152 kB
CmaTotal:         262144 kB
CmaFree:          222128 kB